max_turns (f.k.a. max_episodes) artificially limited to 10. Consider removing this limit for better task completion.
Overriding memory to 2048 MB alters the task from its intended configuration. This could disqualify you from leaderboard submissions for some benchmarks.
Installing: tmux, asciinema
Detected system: {'os': 'debian-based', 'package_manager': 'apt-get', 'update_command': None}
Installing tools using apt-get: DEBIAN_FRONTEND=noninteractive apt-get update && DEBIAN_FRONTEND=noninteractive apt-get install -y tmux asciinema
Starting recording.
Sending keys: ['asciinema rec --stdin /logs/agent/recording.cast', 'Enter'] min_timeout_sec: 1.0 max_timeout_sec: 180.0
Sending keys: ['clear', 'Enter'] min_timeout_sec: 0.0 max_timeout_sec: 180.0
Parser warnings: - Extra text detected before JSON object
Sending keys: ['ls -la\n'] min_timeout_sec: 0.1 max_timeout_sec: 180.0
Trajectory dumped to jobs/smoke-test-v2/2026-03-21__22-26-34/apex-finance-1588__2oDk3sK/agent/trajectory.json
Sending keys: ['ls -la data/\n'] min_timeout_sec: 0.1 max_timeout_sec: 180.0
Trajectory dumped to jobs/smoke-test-v2/2026-03-21__22-26-34/apex-finance-1588__2oDk3sK/agent/trajectory.json
Sending keys: ['python3 -c "import pandas as pd; xl = pd.ExcelFile(\'data/ConSup Inc Financial Model_PROMPT.xlsx\'); print(\'Available sheets:\'); print(xl.sheet_names)"\n'] min_timeout_sec: 1.0 max_timeout_sec: 180.0
Trajectory dumped to jobs/smoke-test-v2/2026-03-21__22-26-34/apex-finance-1588__2oDk3sK/agent/trajectory.json
Sending keys: ['python3 -c "import pandas as pd; import numpy as np; xl = pd.ExcelFile(\'data/ConSup Inc Financial Model_PROMPT.xlsx\'); df = pd.read_excel(xl, \'Transaction Structure\'); print(\'Transaction Structure:\'); print(df.head(20))"\n'] min_timeout_sec: 1.0 max_timeout_sec: 180.0
Trajectory dumped to jobs/smoke-test-v2/2026-03-21__22-26-34/apex-finance-1588__2oDk3sK/agent/trajectory.json
Sending keys: ['cat > analyze_lbo.py << \'EOF\'\nimport pandas as pd\nimport numpy as np\n\n# Load the Excel file\nxl = pd.ExcelFile(\'data/ConSup Inc Financial Model_PROMPT.xlsx\')\n\nprint("=== EXAMINING TRANSACTION STRUCTURE ===")\ntx_df = pd.read_excel(xl, \'Transaction Structure\', header=None)\nprint(tx_df.iloc[0:30, 0:5].to_string())\n\nprint("\\n=== EXAMINING ASSUMPTIONS ===")\nassump_df = pd.read_excel(xl, \'Assumptions\', header=None)\nprint(assump_df.iloc[0:30, 0:5].to_string())\n\nprint("\\n=== EXAMINING FINANCIAL STATEMENTS ===")\nfs_df = pd.read_excel(xl, \'Financial Statements\', header=None)\nprint(fs_df.iloc[0:20, 0:8].to_string())\nEOF\n'] min_timeout_sec: 0.1 max_timeout_sec: 180.0
Trajectory dumped to jobs/smoke-test-v2/2026-03-21__22-26-34/apex-finance-1588__2oDk3sK/agent/trajectory.json
Sending keys: ['python3 analyze_lbo.py\n'] min_timeout_sec: 1.0 max_timeout_sec: 180.0
Trajectory dumped to jobs/smoke-test-v2/2026-03-21__22-26-34/apex-finance-1588__2oDk3sK/agent/trajectory.json
Sending keys: ['cat > detailed_analysis.py << \'EOF\'\nimport pandas as pd\nimport numpy as np\n\n# Load the Excel file\nxl = pd.ExcelFile(\'data/ConSup Inc Financial Model_PROMPT.xlsx\')\n\nprint("=== KEY DEAL PARAMETERS ===")\ntx_df = pd.read_excel(xl, \'Transaction Structure\', header=None)\nprint(f"FY24 EBITDA: ${tx_df.iloc[5,4]:,.0f}k")\nprint(f"Purchase Multiple: {tx_df.iloc[6,4]:.1f}x")\nprint(f"Senior Debt/EBITDA: {tx_df.iloc[7,4]:.1f}x")\nprint(f"Sub Debt/EBITDA: {tx_df.iloc[8,4]:.1f}x")\nprint(f"Rollover Equity: {tx_df.iloc[9,4]:.1%}")\nprint(f"Purchase Enterprise Value: ${tx_df.iloc[19,4]:,.0f}k")\nprint(f"Purchase Equity Value: ${tx_df.iloc[22,4]:,.0f}k")\n\nprint("\\n=== EXAMINING MORE FINANCIAL PROJECTIONS ===")\nfs_df = pd.read_excel(xl, \'Financial Statements\', header=None)\n# Look for years beyond 2024\nfor i in range(40):\n    if i < len(fs_df):\n        row = fs_df.iloc[i, :]\n        if any(pd.notna(row)) and len(str(row).strip()) > 0:\n            print(f"Row {i}: {row.iloc[0:8].values}")\n            \nprint("\\n=== EXAMINING DEBT STRUCTURE ===")\ndebt_df = pd.read_excel(xl, \'Debt\', header=None)\nprint(debt_df.iloc[0:20, 0:8].to_string())\nEOF\n'] min_timeout_sec: 0.1 max_timeout_sec: 180.0
Trajectory dumped to jobs/smoke-test-v2/2026-03-21__22-26-34/apex-finance-1588__2oDk3sK/agent/trajectory.json
Sending keys: ['python3 detailed_analysis.py\n'] min_timeout_sec: 1.0 max_timeout_sec: 180.0
Trajectory dumped to jobs/smoke-test-v2/2026-03-21__22-26-34/apex-finance-1588__2oDk3sK/agent/trajectory.json
Sending keys: ['cat > find_projections.py << \'EOF\'\nimport pandas as pd\nimport numpy as np\n\n# Load the Excel file\nxl = pd.ExcelFile(\'data/ConSup Inc Financial Model_PROMPT.xlsx\')\n\n# Read Financial Statements with different approach to find all columns\nfs_df = pd.read_excel(xl, \'Financial Statements\', header=None)\n\nprint("=== LOOKING FOR ALL PROJECTION YEARS ===")\nprint(f"Shape of Financial Statements: {fs_df.shape}")\n\n# Check first few rows across all columns to find year headers\nfor i in range(10):\n    print(f"Row {i}: {fs_df.iloc[i, :].values}")\n\nprint("\\n=== CHECKING COLUMN HEADERS SPECIFICALLY ===")\n# Look at row 5 and 6 which seem to contain dates and year labels\ndate_row = fs_df.iloc[5, :]\nyear_row = fs_df.iloc[6, :]\nprint(f"Date row: {date_row.values}")\nprint(f"Year row: {year_row.values}")\n\n# Find non-null values in these rows\nfor col in range(fs_df.shape[1]):\n    if pd.notna(date_row.iloc[col]) or pd.notna(year_row.iloc[col]):\n        print(f"Column {col}: Date={date_row.iloc[col]}, Year={year_row.iloc[col]}")\nEOF\n'] min_timeout_sec: 0.1 max_timeout_sec: 180.0
Trajectory dumped to jobs/smoke-test-v2/2026-03-21__22-26-34/apex-finance-1588__2oDk3sK/agent/trajectory.json
Sending keys: ['python3 find_projections.py\n'] min_timeout_sec: 1.0 max_timeout_sec: 180.0
Trajectory dumped to jobs/smoke-test-v2/2026-03-21__22-26-34/apex-finance-1588__2oDk3sK/agent/trajectory.json
Trajectory dumped to jobs/smoke-test-v2/2026-03-21__22-26-34/apex-finance-1588__2oDk3sK/agent/trajectory.json
